\BOOKMARK [1][-]{section.1}{\376\377\151\202\137\365\217\250\147\220}{}% 1
\BOOKMARK [2][-]{subsection.1.1}{\376\377\150\071\164\006\140\363\116\016\214\061}{section.1}% 2
\BOOKMARK [2][-]{subsection.1.2}{\376\377\000A\000r\000t\000i\000n\000\040\163\257\116\016\000\040\000N\000o\000e\000t\000h\000e\000r\000\040\163\257}{section.1}% 3
\BOOKMARK [2][-]{subsection.1.3}{\376\377\134\100\220\350\163\257\116\016\224\376\147\141\116\366}{section.1}% 4
\BOOKMARK [2][-]{subsection.1.4}{\376\377\000P\000r\000o\000p\000\040\0005\000.\0003\000.\0001\0002\000\040\166\370\121\163\217\250\147\220}{section.1}% 5
\BOOKMARK [2][-]{subsection.1.5}{\376\377\000A\000s\000s\000o\000c\000i\000a\000t\000e\000d\000\040\000p\000r\000i\000m\000e\000s\000\040\116\016\134\100\220\350\123\026}{section.1}% 6
\BOOKMARK [2][-]{subsection.1.6}{\376\377\000P\000r\000i\000m\000a\000r\000y\000\040\000i\000d\000e\000a\000l\000\040\166\204\213\241\173\227\116\016\173\111\116\367\147\141\116\366}{section.1}% 7
\BOOKMARK [2][-]{subsection.1.7}{\376\377\000S\000u\000p\000p\000\050\000M\000\051\000\040\166\204\116\044\147\141\127\372\147\054\140\047\215\050}{section.1}% 8
\BOOKMARK [2][-]{subsection.1.8}{\376\377\203\003\165\164\213\272\211\306\211\322}{section.1}% 9
\BOOKMARK [2][-]{subsection.1.9}{\376\377\147\201\226\120\060\001\117\131\147\201\226\120\116\016\131\313\133\371\214\141\000/\176\310\133\371\214\141\166\204\217\250\147\220}{section.1}% 10
\BOOKMARK [2][-]{subsection.1.10}{\376\377\000A\000r\000t\000i\000n\000-\000R\000e\000e\000s\000\040\230\204\131\007\137\025\164\006\116\055\166\204\000\040\000Q\000n\000\040\116\016\000\040\000M\000n\000*}{section.1}% 11
\BOOKMARK [2][-]{subsection.1.11}{\376\377\000I\000-\000a\000d\000i\000c\000\040\156\344\217\307\060\001\000I\000-\000a\000d\000i\000c\000\040\142\323\142\121\116\016\133\120\152\041\213\361\133\374\176\323\147\204}{section.1}% 12
\BOOKMARK [2][-]{subsection.1.12}{\376\377\167\355\153\143\124\010\122\027\166\204\122\006\210\302\116\016\142\225\134\004\152\041\000/\121\205\134\004\152\041}{section.1}% 13
\BOOKMARK [1][-]{section.2}{\376\377\116\023\230\230\145\164\164\006}{}% 14
\BOOKMARK [2][-]{subsection.2.1}{\376\377\142\225\134\004\122\006\211\343\060\001\121\205\134\004\122\006\211\343\116\016\000\040\000T\000o\000r\000/\000E\000x\000t\000\040\166\204\116\073\176\277}{section.2}% 15
\BOOKMARK [2][-]{subsection.2.2}{\376\377\000C\000S\000A\000\040\166\370\121\163\151\202\137\365\140\073\200\124\174\373}{section.2}% 16
\BOOKMARK [2][-]{subsection.2.3}{\376\377\156\344\217\307\060\001\000I\000-\000a\000d\000i\000c\000\040\116\016\000\040\000p\000-\000a\000d\000i\000c\000\040\166\204\203\003\165\164\211\306\211\322}{section.2}% 17
\BOOKMARK [2][-]{subsection.2.4}{\376\377\173\054\000\040\0008\000\040\172\340\116\073\176\277\140\073\211\310}{section.2}% 18
\BOOKMARK [2][-]{subsection.2.5}{\376\377\173\054\000\040\0009\000\040\172\340\134\100\220\350\176\364\145\160\116\011\143\007\150\007}{section.2}% 19
\BOOKMARK [2][-]{subsection.2.6}{\376\377\000A\000l\000g\000e\000b\000r\000a\000\040\000I\000\040\116\016\000\040\000A\000l\000g\000e\000b\000r\000a\000\040\000I\000I\000I\000\040\116\055\142\323\142\121\177\244\116\073\176\277\166\204\133\371\161\147\145\164\164\006}{section.2}% 20
\BOOKMARK [2][-]{subsection.2.7}{\376\377\000A\000r\000t\000i\000n\000-\000R\000e\000e\000s\000\040\116\016\000\040\0008\000.\0003\000\040\202\202\166\204\116\343\145\160\121\340\117\125\141\017\116\111}{section.2}% 21
\BOOKMARK [2][-]{subsection.2.8}{\376\377\121\306\175\040\122\006\211\343\166\204\220\002\165\050\203\003\126\364\116\016\121\335\200\132\134\102\211\306\211\322}{section.2}% 22
\BOOKMARK [1][-]{section.3}{\376\377\230\230\166\356\145\164\164\006}{}% 23
\BOOKMARK [2][-]{subsection.3.1}{\376\377\125\106\152\041\166\204\000\040\000a\000s\000s\000o\000c\000i\000a\000t\000e\000d\000\040\000p\000r\000i\000m\000e\000s\000\040\116\016\000\040\000s\000u\000p\000p\000o\000r\000t\000\040\213\241\173\227\117\213\230\230}{section.3}% 24
\BOOKMARK [2][-]{subsection.3.2}{\376\377\147\011\226\120\165\037\142\020\152\041\166\204\000\040\000s\000u\000p\000p\000o\000r\000t\000\040\127\050\127\372\123\330\143\142\116\013\166\204\123\237\120\317\121\154\137\017}{section.3}% 25
\BOOKMARK [1][-]{section*.37}{\376\377\175\042\137\025}{}% 26
